
> react-typescript-starter@0.1.0 test
> react-scripts test --coverage

FAIL src/App.test.tsx
  ✕ renders the course name somewhere (49 ms)

  ● renders the course name somewhere

    TestingLibraryElementError: Unable to find an element with the text: /CISC275/i. This could be because the text is broken up by multiple elements. In this case, you can provide a function for your text matcher to make your matcher more flexible.

    Ignored nodes: comments, <script />, <style />
    [36m<body>[39m
      [36m<div>[39m
        [36m<div[39m
          [33mclass[39m=[32m"App"[39m
        [36m>[39m
          [36m<div[39m
            [33mclass[39m=[32m"Clock"[39m
          [36m>[39m
            [0m19:37:56[0m
          [36m</div>[39m
          [36m<div[39m
            [33mclass[39m=[32m"module-left-header"[39m
          [36m>[39m
            [0mDescription[0m
          [36m</div>[39m
          [36m<div[39m
            [33mclass[39m=[32m"module-left"[39m
          [36m>[39m
            [0mText goes here describing the different attributes of each project. Lorem ipsum dolor sit amet, consectetur adipiscing elit.[0m
          [36m</div>[39m
          [36m<div[39m
            [33mclass[39m=[32m"upper-tab-container"[39m
          [36m>[39m
            [36m<div[39m
              [33mclass[39m=[32m"starter-shell-container"[39m
            [36m>[39m
              [36m<div[39m
                [33mclass[39m=[32m"starter-tab-shell-outer"[39m
              [36m/>[39m
              [36m<div[39m
                [33mclass[39m=[32m"starter-tab-shell-inner"[39m
                [33mstyle[39m=[32m"background-color: white;"[39m
              [36m/>[39m
              [36m<div[39m
                [33mclass[39m=[32m"starter-tab-button"[39m
                [33mstyle[39m=[32m"color: black;"[39m
              [36m>[39m
                [0mAI Powered Job Quiz[0m
              [36m</div>[39m
            [36m</div>[39m
            [36m<div[39m
              [33mclass[39m=[32m"follower-shell-container"[39m
            [36m>[39m
              [36m<div[39m
                [33mclass[39m=[32m"follower-tab-shell-outer"[39m
              [36m/>[39m
              [36m<div[39m
                [33mclass[39m=[32m"follower-tab-shell-inner"[39m
                [33mstyle[39m=[32m"background-color: black;"[39m
              [36m/>[39m
              [36m<div[39m
                [33mclass[39m=[32m"follower-tab-button"[39m
                [33mstyle[39m=[32m"color: white;"[39m
              [36m>[39m
                [0mPlatformer Game[0m
              [36m</div>[39m
            [36m</div>[39m
            [36m<div[39m
              [33mclass[39m=[32m"follower-shell-container"[39m
            [36m>[39m
              [36m<div[39m
                [33mclass[39m=[32m"follower-tab-shell-outer"[39m
              [36m/>[39m
              [36m<div[39m
                [33mclass[39m=[32m"follower-tab-shell-inner"[39m
                [33mstyle[39m=[32m"background-color: black;"[39m
              [36m/>[39m
              [36m<div[39m
                [33mclass[39m=[32m"follower-tab-button"[39m
                [33mstyle[39m=[32m"color: white;"[39m
              [36m>[39m
                [0mButton[0m
              [36m</div>[39m
            [36m</div>[39m
          [36m</div>[39m
          [36m<header[39m
            [33mclass[39m=[32m"App-header"[39m
          [36m>[39m
            [0mNathan C[0m
          [36m</header>[39m
        [36m</div>[39m
      [36m</div>[39m
    [36m</body>[39m

       5 | test("renders the course name somewhere", () => {
       6 |     render(<App />);
    >  7 |     const linkElement = screen.getByText(/CISC275/i);
         |                                ^
       8 |     expect(linkElement).toBeInTheDocument();
       9 | });
      10 |

      at Object.getElementError (node_modules/@testing-library/dom/dist/config.js:38:19)
      at node_modules/@testing-library/dom/dist/query-helpers.js:90:38
      at node_modules/@testing-library/dom/dist/query-helpers.js:62:17
      at getByText (node_modules/@testing-library/dom/dist/query-helpers.js:111:19)
      at Object.<anonymous> (src/App.test.tsx:7:32)
      at TestScheduler.scheduleTests (node_modules/@jest/core/build/TestScheduler.js:333:13)
      at runJest (node_modules/@jest/core/build/runJest.js:404:19)
      at _run10000 (node_modules/@jest/core/build/cli/index.js:320:7)
      at runCLI (node_modules/@jest/core/build/cli/index.js:173:3)

----------|---------|----------|---------|---------|-------------------
File      | % Stmts | % Branch | % Funcs | % Lines | Uncovered Line #s 
----------|---------|----------|---------|---------|-------------------
All files |   61.53 |       50 |    37.5 |   58.33 |                   
 App.tsx  |   61.53 |       50 |    37.5 |   58.33 | 19,32,60-96       
----------|---------|----------|---------|---------|-------------------
Test Suites: 1 failed, 1 total
Tests:       1 failed, 1 total
Snapshots:   0 total
Time:        1.41 s
Ran all test suites.
